         +    -    *    /    (    )    x    y    z    #
    E                       TA        TA   TA   TA     
    A  +TA  -TA                   k                   k
    T                       FB        FB   FB   FB     
    B    k    k  *FB  /FB         k                   k
    F                      (E)         D    D    D     
    D                                  x    y    z     
